C51 COMPILER V9.54   BH1750                                                                12/29/2019 00:50:57 PAGE 1   


C51 COMPILER V9.54, COMPILATION OF MODULE BH1750
OBJECT MODULE PLACED IN ..\Output\BH1750.obj
COMPILER INVOKED BY: D:\Keil_v5\C51\BIN\C51.EXE BH1750\BH1750.c LARGE OPTIMIZE(8,SPEED) BROWSE INCDIR(.\GSM;.\Ultrasonic
                    -;.\XY-V17B;.\DS18B20;.\uart;.\delay;.\LED;.\BH1750;.\DHT11) DEBUG OBJECTEXTEND PRINT(..\Listing\BH1750.lst) OBJECT(..\Ou
                    -tput\BH1750.obj)

line level    source

   1          #include "BH1750.h"
   2          #include "delay.h"
   3          
   4          
   5          #define   SlaveAddress   0x46 //定义器件在IIC总线中的从地址,根据ALT  ADDRESS地址引脚不同修改
   6          
   7          sbit      SCL=P1^0;      //IIC时钟引脚定义
   8          sbit      SDA=P1^1;      //IIC数据引脚定义
   9          
  10          typedef   unsigned char BYTE;
  11          typedef   unsigned short WORD;
  12          
  13          
  14          BYTE    BUF[8];  
  15          int     dis_data;                       //变量
  16          float temp;
  17          
  18          /**************************************
  19          起始信号
  20          **************************************/
  21          void BH1750_Start()
  22          {
  23   1          SDA = 1;                    //拉高数据线
  24   1          SCL = 1;                    //拉高时钟线
  25   1          delay5us();                 //延时
  26   1          SDA = 0;                    //产生下降沿
  27   1          delay5us();                 //延时
  28   1          SCL = 0;                    //拉低时钟线
  29   1      }
  30          
  31          /**************************************
  32          停止信号
  33          **************************************/
  34          void BH1750_Stop()
  35          {
  36   1          SDA = 0;                    //拉低数据线
  37   1          SCL = 1;                    //拉高时钟线
  38   1          delay5us();                 //延时
  39   1          SDA = 1;                    //产生上升沿
  40   1          delay5us();                 //延时
  41   1      }
  42          
  43          /**************************************
  44          发送应答信号
  45          入口参数:ack (0:ACK 1:NAK)
  46          **************************************/
  47          void BH1750_SendACK(bit ack)
  48          {
  49   1          SDA = ack;                  //写应答信号
  50   1          SCL = 1;                    //拉高时钟线
  51   1          delay5us();                 //延时
  52   1          SCL = 0;                    //拉低时钟线
  53   1          delay5us();                 //延时
C51 COMPILER V9.54   BH1750                                                                12/29/2019 00:50:57 PAGE 2   

  54   1      }
  55          
  56          /**************************************
  57          接收应答信号
  58          **************************************/
  59          bit BH1750_RecvACK()
  60          {
  61   1          SCL = 1;                    //拉高时钟线
  62   1          delay5us();                 //延时
  63   1          CY = SDA;                   //读应答信号
  64   1          SCL = 0;                    //拉低时钟线
  65   1          delay5us();                 //延时
  66   1      
  67   1          return CY;
  68   1      }
  69          
  70          /**************************************
  71          向IIC总线发送一个字节数据
  72          **************************************/
  73          void BH1750_SendByte(BYTE dat)
  74          {
  75   1          BYTE i;
  76   1      
  77   1          for (i=0; i<8; i++)         //8位计数器
  78   1          {
  79   2              dat <<= 1;              //移出数据的最高位
  80   2              SDA = CY;               //送数据口
  81   2              SCL = 1;                //拉高时钟线
  82   2              delay5us();             //延时
  83   2              SCL = 0;                //拉低时钟线
  84   2              delay5us();             //延时
  85   2          }
  86   1          BH1750_RecvACK();
  87   1      }
  88          
  89          /**************************************
  90          从IIC总线接收一个字节数据
  91          **************************************/
  92          BYTE BH1750_RecvByte()
  93          {
  94   1          BYTE i;
  95   1          BYTE dat = 0;
  96   1      
  97   1          SDA = 1;                    //使能内部上拉,准备读取数据,
  98   1          for (i=0; i<8; i++)         //8位计数器
  99   1          {
 100   2              dat <<= 1;
 101   2              SCL = 1;                //拉高时钟线
 102   2              delay5us();             //延时
 103   2              dat |= SDA;             //读数据               
 104   2              SCL = 0;                //拉低时钟线
 105   2              delay5us();             //延时
 106   2          }
 107   1          return dat;
 108   1      }
 109          
 110          //*********************************
 111          
 112          void Single_Write_BH1750(uchar REG_Address)
 113          {
 114   1          BH1750_Start();                  //起始信号
 115   1          BH1750_SendByte(SlaveAddress);   //发送设备地址+写信号
C51 COMPILER V9.54   BH1750                                                                12/29/2019 00:50:57 PAGE 3   

 116   1          BH1750_SendByte(REG_Address);    //内部寄存器地址，请参考中文pdf22页 
 117   1        //  BH1750_SendByte(REG_data);       //内部寄存器数据，请参考中文pdf22页 
 118   1          BH1750_Stop();                   //发送停止信号
 119   1      }
 120          
 121          //********单字节读取*****************************************
 122          /*
 123          uchar Single_Read_BH1750(uchar REG_Address)
 124          {  uchar REG_data;
 125              BH1750_Start();                          //起始信号
 126              BH1750_SendByte(SlaveAddress);           //发送设备地址+写信号
 127              BH1750_SendByte(REG_Address);                   //发送存储单元地址，从0开始 
 128              BH1750_Start();                          //起始信号
 129              BH1750_SendByte(SlaveAddress+1);         //发送设备地址+读信号
 130              REG_data=BH1750_RecvByte();              //读出寄存器数据
 131                  BH1750_SendACK(1);   
 132                  BH1750_Stop();                           //停止信号
 133              return REG_data; 
 134          }
 135          */
 136          //*********************************************************
 137          //
 138          //连续读出BH1750内部数据
 139          //
 140          //*********************************************************
 141          void Multiple_read_BH1750(void)
 142          {   
 143   1              uchar i;        
 144   1              Single_Write_BH1750(0x01);   // power on
 145   1          Single_Write_BH1750(0x10);   // H- resolution mode
 146   1      
 147   1          delay180ms();              //延时180ms
 148   1          BH1750_Start();                          //起始信号
 149   1          BH1750_SendByte(SlaveAddress+1);         //发送设备地址+读信号
 150   1              
 151   1              for (i=0; i<3; i++)                      //连续读取6个地址数据，存储中BUF
 152   1          {
 153   2              BUF[i] = BH1750_RecvByte();          //BUF[0]存储0x32地址中的数据
 154   2              if (i == 3)
 155   2              {
 156   3      
 157   3                 BH1750_SendACK(1);                //最后一个数据需要回NOACK
 158   3              }
 159   2              else
 160   2              {               
 161   3                BH1750_SendACK(0);                //回应ACK
 162   3             }
 163   2         }
 164   1      
 165   1          BH1750_Stop();                          //停止信号
 166   1          delay5ms();
 167   1              dis_data=BUF[0];
 168   1              dis_data=(dis_data<<8)+BUF[1];//合成数据 
 169   1      
 170   1              temp=(float)dis_data/1.2;
 171   1      }
 172          
 173          unsigned int GetMultipleDat()
 174          {
 175   1              unsigned int MultipleDat;
 176   1              MultipleDat = (unsigned int )temp;
 177   1              return MultipleDat;
C51 COMPILER V9.54   BH1750                                                                12/29/2019 00:50:57 PAGE 4   

 178   1      }
 179          
 180          
 181          ////初始化BH1750，根据需要请参考pdf进行修改****
 182          //void Init_BH1750()
 183          //{
 184          //   Single_Write_BH1750(0x01);  
 185          //}


MODULE INFORMATION:   STATIC OVERLAYABLE
   CODE SIZE        =    333    ----
   CONSTANT SIZE    =   ----    ----
   XDATA SIZE       =     14       6
   PDATA SIZE       =   ----    ----
   DATA SIZE        =   ----    ----
   IDATA SIZE       =   ----    ----
   BIT SIZE         =   ----       1
END OF MODULE INFORMATION.


C51 COMPILATION COMPLETE.  0 WARNING(S),  0 ERROR(S)
